<?xml version="1.0" encoding="UTF-8"?>
<StaticResource xmlns="http://soap.sforce.com/2006/04/metadata">
  <apiVersion>26.0</apiVersion>
  <cacheControl>Public</cacheControl>
  <contentType>text/plain</contentType>
  <description>foo bar</description>
</StaticResource>
