<?xml version="1.0" encoding="UTF-8"?>
<ApexComponent xmlns="http://soap.sforce.com/2006/04/metadata">
  <apiVersion>27.0</apiVersion>
  <description>test 123</description>
  <label>Foo</label>
</ApexComponent>
